
Running 18 tests using 1 worker

✓ Home loaded
✓ Lakossagnak loaded
✓ Tarsashazaknak loaded
✓ Munkahelyeknek loaded
✓ Rolam loaded
✓ Kapcsolat loaded
✓ Adatvedelem loaded
✓ ASZF loaded
✓ Villamos Felulvizsgalat loaded
✓ Villanyszereles loaded
✓ IT Halozat loaded
✓ Keziszerszam loaded
  ✓   1 [chromium] › e2e/site.spec.ts:19:3 › Navigation and Links › all pages load without errors (1.5s)
  ✓   2 [chromium] › e2e/site.spec.ts:27:3 › Navigation and Links › all navigation links work (2.3s)
  ✓   3 [chromium] › e2e/site.spec.ts:43:3 › Navigation and Links › footer links work (1.9s)
  ✓   4 [chromium] › e2e/site.spec.ts:53:3 › Navigation and Links › breadcrumb navigation works (1.1s)
  ✓   5 [chromium] › e2e/site.spec.ts:61:3 › Language Switching › language switcher changes content (1.7s)
  ✘   6 [chromium] › e2e/site.spec.ts:80:3 › Language Switching › language persists across pages (6.8s)
  ✘   7 [chromium] › e2e/site.spec.ts:91:3 › Theme Switching › theme switcher works (30.1s)
  ✘   8 [chromium] › e2e/site.spec.ts:106:3 › Contact Form › form validation works (5.7s)
  ✓   9 [chromium] › e2e/site.spec.ts:116:3 › Contact Form › form fields are accessible (646ms)
  ✓  10 [chromium] › e2e/site.spec.ts:128:3 › CTAs and Buttons › primary CTAs are clickable (1.5s)
  ✘  11 [chromium] › e2e/site.spec.ts:141:3 › CTAs and Buttons › service detail CTAs work (30.1s)
  ✘  12 [chromium] › e2e/site.spec.ts:151:3 › Mobile Compatibility › mobile menu works (976ms)
  ✓  13 [chromium] › e2e/site.spec.ts:162:3 › Mobile Compatibility › mobile CTA is visible (582ms)
  ✓  14 [chromium] › e2e/site.spec.ts:167:3 › Mobile Compatibility › cards are responsive (142ms)
  ✘  15 [chromium] › e2e/site.spec.ts:176:3 › Accessibility › skip to main content link works (5.2s)
  ✓  16 [chromium] › e2e/site.spec.ts:182:3 › Accessibility › all images have alt text or aria-labels (201ms)
  ✓  17 [chromium] › e2e/site.spec.ts:192:3 › Accessibility › form errors are announced (1.1s)
✓ Home has meta tags
✓ Lakossagnak has meta tags
✓ Tarsashazaknak has meta tags
✓ Munkahelyeknek has meta tags
✓ Rolam has meta tags
✓ Kapcsolat has meta tags
✓ Adatvedelem has meta tags
✓ ASZF has meta tags
✓ Villamos Felulvizsgalat has meta tags
✓ Villanyszereles has meta tags
✓ IT Halozat has meta tags
✓ Keziszerszam has meta tags
  ✓  18 [chromium] › e2e/site.spec.ts:202:3 › SEO and Meta Tags › all pages have proper meta tags (1.5s)


  1) [chromium] › e2e/site.spec.ts:80:3 › Language Switching › language persists across pages ──────

    Error: [2mexpect([22m[31mlocator[39m[2m).[22mtoBeVisible[2m([22m[2m)[22m failed

    Locator: locator('text=For Residents')
    Expected: visible
    Timeout: 5000ms
    Error: element(s) not found

    Call log:
    [2m  - Expect "toBeVisible" with timeout 5000ms[22m
    [2m  - waiting for locator('text=For Residents')[22m


      84 |     
      85 |     await page.goto('/lakossagnak');
    > 86 |     await expect(page.locator('text=For Residents')).toBeVisible();
         |                                                      ^
      87 |   });
      88 | });
      89 |
        at /Users/tibor/Desktop/dev/villiotech/villiotech/frontend/e2e/site.spec.ts:86:54

    attachment #1: screenshot (image/png) ──────────────────────────────────────────────────────────
    test-results/site-Language-Switching-language-persists-across-pages-chromium/test-failed-1.png
    ────────────────────────────────────────────────────────────────────────────────────────────────

    Error Context: test-results/site-Language-Switching-language-persists-across-pages-chromium/error-context.md

    attachment #3: trace (application/zip) ─────────────────────────────────────────────────────────
    test-results/site-Language-Switching-language-persists-across-pages-chromium/trace.zip
    Usage:

        npx playwright show-trace test-results/site-Language-Switching-language-persists-across-pages-chromium/trace.zip

    ────────────────────────────────────────────────────────────────────────────────────────────────

  2) [chromium] › e2e/site.spec.ts:91:3 › Theme Switching › theme switcher works ───────────────────

    [31mTest timeout of 30000ms exceeded.[39m

    Error: page.click: Test timeout of 30000ms exceeded.
    Call log:
    [2m  - waiting for locator('button[aria-label*="theme"]')[22m


       95 |     const initialTheme = await html.getAttribute('data-theme');
       96 |     
    >  97 |     await page.click('button[aria-label*="theme"]');
          |                ^
       98 |     await page.waitForTimeout(300);
       99 |     
      100 |     const newTheme = await html.getAttribute('data-theme');
        at /Users/tibor/Desktop/dev/villiotech/villiotech/frontend/e2e/site.spec.ts:97:16

    attachment #1: screenshot (image/png) ──────────────────────────────────────────────────────────
    test-results/site-Theme-Switching-theme-switcher-works-chromium/test-failed-1.png
    ────────────────────────────────────────────────────────────────────────────────────────────────

    Error Context: test-results/site-Theme-Switching-theme-switcher-works-chromium/error-context.md

    attachment #3: trace (application/zip) ─────────────────────────────────────────────────────────
    test-results/site-Theme-Switching-theme-switcher-works-chromium/trace.zip
    Usage:

        npx playwright show-trace test-results/site-Theme-Switching-theme-switcher-works-chromium/trace.zip

    ────────────────────────────────────────────────────────────────────────────────────────────────

  3) [chromium] › e2e/site.spec.ts:106:3 › Contact Form › form validation works ────────────────────

    Error: [2mexpect([22m[31mlocator[39m[2m).[22mtoBeVisible[2m([22m[2m)[22m failed

    Locator: locator('text=Kérem, töltse ki ezt a mezőt')
    Expected: visible
    Timeout: 5000ms
    Error: element(s) not found

    Call log:
    [2m  - Expect "toBeVisible" with timeout 5000ms[22m
    [2m  - waiting for locator('text=Kérem, töltse ki ezt a mezőt')[22m


      111 |     
      112 |     // Check for validation errors
    > 113 |     await expect(page.locator('text=Kérem, töltse ki ezt a mezőt')).toBeVisible();
          |                                                                     ^
      114 |   });
      115 |
      116 |   test('form fields are accessible', async ({ page }) => {
        at /Users/tibor/Desktop/dev/villiotech/villiotech/frontend/e2e/site.spec.ts:113:69

    attachment #1: screenshot (image/png) ──────────────────────────────────────────────────────────
    test-results/site-Contact-Form-form-validation-works-chromium/test-failed-1.png
    ────────────────────────────────────────────────────────────────────────────────────────────────

    Error Context: test-results/site-Contact-Form-form-validation-works-chromium/error-context.md

    attachment #3: trace (application/zip) ─────────────────────────────────────────────────────────
    test-results/site-Contact-Form-form-validation-works-chromium/trace.zip
    Usage:

        npx playwright show-trace test-results/site-Contact-Form-form-validation-works-chromium/trace.zip

    ────────────────────────────────────────────────────────────────────────────────────────────────

  4) [chromium] › e2e/site.spec.ts:141:3 › CTAs and Buttons › service detail CTAs work ─────────────

    [31mTest timeout of 30000ms exceeded.[39m

    Error: page.click: Test timeout of 30000ms exceeded.
    Call log:
    [2m  - waiting for locator('text=Részletek és ajánlatkérés').first()[22m


      141 |   test('service detail CTAs work', async ({ page }) => {
      142 |     await page.goto('/');
    > 143 |     await page.click('text=Részletek és ajánlatkérés >> nth=0');
          |                ^
      144 |     await expect(page).toHaveURL(/lakossagnak/);
      145 |   });
      146 | });
        at /Users/tibor/Desktop/dev/villiotech/villiotech/frontend/e2e/site.spec.ts:143:16

    attachment #1: screenshot (image/png) ──────────────────────────────────────────────────────────
    test-results/site-CTAs-and-Buttons-service-detail-CTAs-work-chromium/test-failed-1.png
    ────────────────────────────────────────────────────────────────────────────────────────────────

    Error Context: test-results/site-CTAs-and-Buttons-service-detail-CTAs-work-chromium/error-context.md

    attachment #3: trace (application/zip) ─────────────────────────────────────────────────────────
    test-results/site-CTAs-and-Buttons-service-detail-CTAs-work-chromium/trace.zip
    Usage:

        npx playwright show-trace test-results/site-CTAs-and-Buttons-service-detail-CTAs-work-chromium/trace.zip

    ────────────────────────────────────────────────────────────────────────────────────────────────

  5) [chromium] › e2e/site.spec.ts:151:3 › Mobile Compatibility › mobile menu works ────────────────

    Error: [2mexpect([22m[31mlocator[39m[2m).[22mtoBeVisible[2m([22m[2m)[22m failed

    Locator: locator('text=Lakosságnak')
    Expected: visible
    Error: strict mode violation: locator('text=Lakosságnak') resolved to 3 elements:
        1) <a href="/lakossagnak" data-discover="true" class="btn btn-ghost btn-sm">Lakosságnak</a> aka getByText('Lakosságnak').first()
        2) <a href="/lakossagnak" data-discover="true" class="block btn btn-ghost btn-sm justify-start w-full">Lakosságnak</a> aka getByRole('navigation').getByRole('link', { name: 'Lakosságnak' })
        3) <a href="/lakossagnak" data-discover="true" class="hover:text-primary transition-colors">Lakosságnak</a> aka getByRole('contentinfo').getByRole('link', { name: 'Lakosságnak' })

    Call log:
    [2m  - Expect "toBeVisible" with timeout 5000ms[22m
    [2m  - waiting for locator('text=Lakosságnak')[22m


      157 |     
      158 |     // Check menu items visible
    > 159 |     await expect(page.locator('text=Lakosságnak')).toBeVisible();
          |                                                    ^
      160 |   });
      161 |
      162 |   test('mobile CTA is visible', async ({ page }) => {
        at /Users/tibor/Desktop/dev/villiotech/villiotech/frontend/e2e/site.spec.ts:159:52

    attachment #1: screenshot (image/png) ──────────────────────────────────────────────────────────
    test-results/site-Mobile-Compatibility-mobile-menu-works-chromium/test-failed-1.png
    ────────────────────────────────────────────────────────────────────────────────────────────────

    Error Context: test-results/site-Mobile-Compatibility-mobile-menu-works-chromium/error-context.md

    attachment #3: trace (application/zip) ─────────────────────────────────────────────────────────
    test-results/site-Mobile-Compatibility-mobile-menu-works-chromium/trace.zip
    Usage:

        npx playwright show-trace test-results/site-Mobile-Compatibility-mobile-menu-works-chromium/trace.zip

    ────────────────────────────────────────────────────────────────────────────────────────────────

  6) [chromium] › e2e/site.spec.ts:176:3 › Accessibility › skip to main content link works ─────────

    Error: [2mexpect([22m[31mlocator[39m[2m).[22mtoBeFocused[2m([22m[2m)[22m failed

    Locator:  locator('.skip-to-main')
    Expected: focused
    Received: inactive
    Timeout:  5000ms

    Call log:
    [2m  - Expect "toBeFocused" with timeout 5000ms[22m
    [2m  - waiting for locator('.skip-to-main')[22m
    [2m    6 × locator resolved to <a href="#main-content" class="skip-to-main">Skip to main content</a>[22m
    [2m      - unexpected value "inactive"[22m


      177 |     await page.goto('/');
      178 |     await page.keyboard.press('Tab');
    > 179 |     await expect(page.locator('.skip-to-main')).toBeFocused();
          |                                                 ^
      180 |   });
      181 |
      182 |   test('all images have alt text or aria-labels', async ({ page }) => {
        at /Users/tibor/Desktop/dev/villiotech/villiotech/frontend/e2e/site.spec.ts:179:49

    attachment #1: screenshot (image/png) ──────────────────────────────────────────────────────────
    test-results/site-Accessibility-skip-to-main-content-link-works-chromium/test-failed-1.png
    ────────────────────────────────────────────────────────────────────────────────────────────────

    Error Context: test-results/site-Accessibility-skip-to-main-content-link-works-chromium/error-context.md

    attachment #3: trace (application/zip) ─────────────────────────────────────────────────────────
    test-results/site-Accessibility-skip-to-main-content-link-works-chromium/trace.zip
    Usage:

        npx playwright show-trace test-results/site-Accessibility-skip-to-main-content-link-works-chromium/trace.zip

    ────────────────────────────────────────────────────────────────────────────────────────────────

  6 failed
    [chromium] › e2e/site.spec.ts:80:3 › Language Switching › language persists across pages ───────
    [chromium] › e2e/site.spec.ts:91:3 › Theme Switching › theme switcher works ────────────────────
    [chromium] › e2e/site.spec.ts:106:3 › Contact Form › form validation works ─────────────────────
    [chromium] › e2e/site.spec.ts:141:3 › CTAs and Buttons › service detail CTAs work ──────────────
    [chromium] › e2e/site.spec.ts:151:3 › Mobile Compatibility › mobile menu works ─────────────────
    [chromium] › e2e/site.spec.ts:176:3 › Accessibility › skip to main content link works ──────────
  12 passed (1.7m)
